[0.359s] Invoking command in '/workspace/share/ros2-workspace/trung_test/ur3_needle_ws/src/ur3_needle_sim': CONDA_PROMPT_MODIFIER=(base) PYTHONPATH=/workspace/share/ros2-workspace/trung_test/ur3_needle_ws/build/ur3_needle_sim/prefix_override:/usr/lib/python3/dist-packages/colcon_core/task/python/colcon_distutils_commands:/workspace/share/ros2-workspace/trung_test/ur3_needle_ws/install/ur3_needle_sim/lib/python3.12/site-packages:${PYTHONPATH} /usr/bin/python3 -W ignore:setup.py install is deprecated -W ignore:easy_install command is deprecated setup.py egg_info --egg-base ../../build/ur3_needle_sim build --build-base /workspace/share/ros2-workspace/trung_test/ur3_needle_ws/build/ur3_needle_sim/build install --record /workspace/share/ros2-workspace/trung_test/ur3_needle_ws/build/ur3_needle_sim/install.log --single-version-externally-managed install_data
[0.488s] running egg_info
[0.495s] creating ../../build/ur3_needle_sim/ur3_needle_sim.egg-info
[0.495s] writing ../../build/ur3_needle_sim/ur3_needle_sim.egg-info/PKG-INFO
[0.495s] writing dependency_links to ../../build/ur3_needle_sim/ur3_needle_sim.egg-info/dependency_links.txt
[0.496s] writing entry points to ../../build/ur3_needle_sim/ur3_needle_sim.egg-info/entry_points.txt
[0.496s] writing requirements to ../../build/ur3_needle_sim/ur3_needle_sim.egg-info/requires.txt
[0.496s] writing top-level names to ../../build/ur3_needle_sim/ur3_needle_sim.egg-info/top_level.txt
[0.496s] writing manifest file '../../build/ur3_needle_sim/ur3_needle_sim.egg-info/SOURCES.txt'
[0.512s] reading manifest file '../../build/ur3_needle_sim/ur3_needle_sim.egg-info/SOURCES.txt'
[0.512s] writing manifest file '../../build/ur3_needle_sim/ur3_needle_sim.egg-info/SOURCES.txt'
[0.512s] running build
[0.512s] running build_py
[0.512s] creating /workspace/share/ros2-workspace/trung_test/ur3_needle_ws/build/ur3_needle_sim/build/lib/ur3_needle_sim
[0.512s] copying ur3_needle_sim/needle_insert_node.py -> /workspace/share/ros2-workspace/trung_test/ur3_needle_ws/build/ur3_needle_sim/build/lib/ur3_needle_sim
[0.513s] copying ur3_needle_sim/hole_poses_loader.py -> /workspace/share/ros2-workspace/trung_test/ur3_needle_ws/build/ur3_needle_sim/build/lib/ur3_needle_sim
[0.513s] copying ur3_needle_sim/ur3_ik.py -> /workspace/share/ros2-workspace/trung_test/ur3_needle_ws/build/ur3_needle_sim/build/lib/ur3_needle_sim
[0.513s] copying ur3_needle_sim/__init__.py -> /workspace/share/ros2-workspace/trung_test/ur3_needle_ws/build/ur3_needle_sim/build/lib/ur3_needle_sim
[0.513s] copying ur3_needle_sim/depth_monitor.py -> /workspace/share/ros2-workspace/trung_test/ur3_needle_ws/build/ur3_needle_sim/build/lib/ur3_needle_sim
[0.513s] running install
[0.515s] running install_lib
[0.523s] creating /workspace/share/ros2-workspace/trung_test/ur3_needle_ws/install/ur3_needle_sim/lib/python3.12/site-packages/ur3_needle_sim
[0.523s] copying /workspace/share/ros2-workspace/trung_test/ur3_needle_ws/build/ur3_needle_sim/build/lib/ur3_needle_sim/needle_insert_node.py -> /workspace/share/ros2-workspace/trung_test/ur3_needle_ws/install/ur3_needle_sim/lib/python3.12/site-packages/ur3_needle_sim
[0.523s] copying /workspace/share/ros2-workspace/trung_test/ur3_needle_ws/build/ur3_needle_sim/build/lib/ur3_needle_sim/hole_poses_loader.py -> /workspace/share/ros2-workspace/trung_test/ur3_needle_ws/install/ur3_needle_sim/lib/python3.12/site-packages/ur3_needle_sim
[0.523s] copying /workspace/share/ros2-workspace/trung_test/ur3_needle_ws/build/ur3_needle_sim/build/lib/ur3_needle_sim/ur3_ik.py -> /workspace/share/ros2-workspace/trung_test/ur3_needle_ws/install/ur3_needle_sim/lib/python3.12/site-packages/ur3_needle_sim
[0.523s] copying /workspace/share/ros2-workspace/trung_test/ur3_needle_ws/build/ur3_needle_sim/build/lib/ur3_needle_sim/__init__.py -> /workspace/share/ros2-workspace/trung_test/ur3_needle_ws/install/ur3_needle_sim/lib/python3.12/site-packages/ur3_needle_sim
[0.523s] copying /workspace/share/ros2-workspace/trung_test/ur3_needle_ws/build/ur3_needle_sim/build/lib/ur3_needle_sim/depth_monitor.py -> /workspace/share/ros2-workspace/trung_test/ur3_needle_ws/install/ur3_needle_sim/lib/python3.12/site-packages/ur3_needle_sim
[0.523s] byte-compiling /workspace/share/ros2-workspace/trung_test/ur3_needle_ws/install/ur3_needle_sim/lib/python3.12/site-packages/ur3_needle_sim/needle_insert_node.py to needle_insert_node.cpython-312.pyc
[0.525s] byte-compiling /workspace/share/ros2-workspace/trung_test/ur3_needle_ws/install/ur3_needle_sim/lib/python3.12/site-packages/ur3_needle_sim/hole_poses_loader.py to hole_poses_loader.cpython-312.pyc
[0.526s] byte-compiling /workspace/share/ros2-workspace/trung_test/ur3_needle_ws/install/ur3_needle_sim/lib/python3.12/site-packages/ur3_needle_sim/ur3_ik.py to ur3_ik.cpython-312.pyc
[0.527s] byte-compiling /workspace/share/ros2-workspace/trung_test/ur3_needle_ws/install/ur3_needle_sim/lib/python3.12/site-packages/ur3_needle_sim/__init__.py to __init__.cpython-312.pyc
[0.527s] byte-compiling /workspace/share/ros2-workspace/trung_test/ur3_needle_ws/install/ur3_needle_sim/lib/python3.12/site-packages/ur3_needle_sim/depth_monitor.py to depth_monitor.cpython-312.pyc
[0.528s] running install_data
[0.528s] creating /workspace/share/ros2-workspace/trung_test/ur3_needle_ws/install/ur3_needle_sim/share/ament_index/resource_index/packages
[0.528s] copying resource/ur3_needle_sim -> /workspace/share/ros2-workspace/trung_test/ur3_needle_ws/install/ur3_needle_sim/share/ament_index/resource_index/packages
[0.528s] copying package.xml -> /workspace/share/ros2-workspace/trung_test/ur3_needle_ws/install/ur3_needle_sim/share/ur3_needle_sim
[0.528s] creating /workspace/share/ros2-workspace/trung_test/ur3_needle_ws/install/ur3_needle_sim/share/ur3_needle_sim/launch
[0.528s] copying launch/demo.launch.py -> /workspace/share/ros2-workspace/trung_test/ur3_needle_ws/install/ur3_needle_sim/share/ur3_needle_sim/launch
[0.529s] copying launch/sim.launch.py -> /workspace/share/ros2-workspace/trung_test/ur3_needle_ws/install/ur3_needle_sim/share/ur3_needle_sim/launch
[0.529s] creating /workspace/share/ros2-workspace/trung_test/ur3_needle_ws/install/ur3_needle_sim/share/ur3_needle_sim/worlds
[0.529s] copying worlds/ur3_needle_ros.wbt -> /workspace/share/ros2-workspace/trung_test/ur3_needle_ws/install/ur3_needle_sim/share/ur3_needle_sim/worlds
[0.529s] copying worlds/ur3_needle_click.wbt -> /workspace/share/ros2-workspace/trung_test/ur3_needle_ws/install/ur3_needle_sim/share/ur3_needle_sim/worlds
[0.529s] copying worlds/ur3_needle.wbt -> /workspace/share/ros2-workspace/trung_test/ur3_needle_ws/install/ur3_needle_sim/share/ur3_needle_sim/worlds
[0.529s] creating /workspace/share/ros2-workspace/trung_test/ur3_needle_ws/install/ur3_needle_sim/share/ur3_needle_sim/config
[0.529s] copying config/hole_poses.yaml -> /workspace/share/ros2-workspace/trung_test/ur3_needle_ws/install/ur3_needle_sim/share/ur3_needle_sim/config
[0.529s] copying config/needle_params.yaml -> /workspace/share/ros2-workspace/trung_test/ur3_needle_ws/install/ur3_needle_sim/share/ur3_needle_sim/config
[0.529s] copying config/holes.yaml -> /workspace/share/ros2-workspace/trung_test/ur3_needle_ws/install/ur3_needle_sim/share/ur3_needle_sim/config
[0.529s] creating /workspace/share/ros2-workspace/trung_test/ur3_needle_ws/install/ur3_needle_sim/share/ur3_needle_sim/resource
[0.529s] copying resource/ros2_control_config.yaml -> /workspace/share/ros2-workspace/trung_test/ur3_needle_ws/install/ur3_needle_sim/share/ur3_needle_sim/resource
[0.529s] copying resource/ur3e_needle.urdf -> /workspace/share/ros2-workspace/trung_test/ur3_needle_ws/install/ur3_needle_sim/share/ur3_needle_sim/resource
[0.529s] creating /workspace/share/ros2-workspace/trung_test/ur3_needle_ws/install/ur3_needle_sim/share/ur3_needle_sim/rviz
[0.529s] running install_egg_info
[0.539s] Copying ../../build/ur3_needle_sim/ur3_needle_sim.egg-info to /workspace/share/ros2-workspace/trung_test/ur3_needle_ws/install/ur3_needle_sim/lib/python3.12/site-packages/ur3_needle_sim-0.0.0-py3.12.egg-info
[0.539s] running install_scripts
[0.558s] Installing depth_monitor script to /workspace/share/ros2-workspace/trung_test/ur3_needle_ws/install/ur3_needle_sim/lib/ur3_needle_sim
[0.558s] Installing needle_insert_node script to /workspace/share/ros2-workspace/trung_test/ur3_needle_ws/install/ur3_needle_sim/lib/ur3_needle_sim
[0.558s] writing list of installed files to '/workspace/share/ros2-workspace/trung_test/ur3_needle_ws/build/ur3_needle_sim/install.log'
[0.576s] Invoked command in '/workspace/share/ros2-workspace/trung_test/ur3_needle_ws/src/ur3_needle_sim' returned '0': CONDA_PROMPT_MODIFIER=(base) PYTHONPATH=/workspace/share/ros2-workspace/trung_test/ur3_needle_ws/build/ur3_needle_sim/prefix_override:/usr/lib/python3/dist-packages/colcon_core/task/python/colcon_distutils_commands:/workspace/share/ros2-workspace/trung_test/ur3_needle_ws/install/ur3_needle_sim/lib/python3.12/site-packages:${PYTHONPATH} /usr/bin/python3 -W ignore:setup.py install is deprecated -W ignore:easy_install command is deprecated setup.py egg_info --egg-base ../../build/ur3_needle_sim build --build-base /workspace/share/ros2-workspace/trung_test/ur3_needle_ws/build/ur3_needle_sim/build install --record /workspace/share/ros2-workspace/trung_test/ur3_needle_ws/build/ur3_needle_sim/install.log --single-version-externally-managed install_data
