[0.351s] Invoking command in '/workspace/share/ros2-workspace/trung_test/ur3_needle_ws/src/ur3_needle_sim': CONDA_PROMPT_MODIFIER=(base) PYTHONPATH=/workspace/share/ros2-workspace/trung_test/ur3_needle_ws/build/ur3_needle_sim/prefix_override:/usr/lib/python3/dist-packages/colcon_core/task/python/colcon_distutils_commands:/workspace/share/ros2-workspace/trung_test/ur3_needle_ws/install/ur3_needle_sim/lib/python3.12/site-packages:${PYTHONPATH} /usr/bin/python3 -W ignore:setup.py install is deprecated -W ignore:easy_install command is deprecated setup.py egg_info --egg-base ../../build/ur3_needle_sim build --build-base /workspace/share/ros2-workspace/trung_test/ur3_needle_ws/build/ur3_needle_sim/build install --record /workspace/share/ros2-workspace/trung_test/ur3_needle_ws/build/ur3_needle_sim/install.log --single-version-externally-managed install_data
[0.483s] running egg_info
[0.491s] creating ../../build/ur3_needle_sim/ur3_needle_sim.egg-info
[0.491s] writing ../../build/ur3_needle_sim/ur3_needle_sim.egg-info/PKG-INFO
[0.491s] writing dependency_links to ../../build/ur3_needle_sim/ur3_needle_sim.egg-info/dependency_links.txt
[0.491s] writing entry points to ../../build/ur3_needle_sim/ur3_needle_sim.egg-info/entry_points.txt
[0.491s] writing requirements to ../../build/ur3_needle_sim/ur3_needle_sim.egg-info/requires.txt
[0.491s] writing top-level names to ../../build/ur3_needle_sim/ur3_needle_sim.egg-info/top_level.txt
[0.492s] writing manifest file '../../build/ur3_needle_sim/ur3_needle_sim.egg-info/SOURCES.txt'
[0.508s] reading manifest file '../../build/ur3_needle_sim/ur3_needle_sim.egg-info/SOURCES.txt'
[0.509s] writing manifest file '../../build/ur3_needle_sim/ur3_needle_sim.egg-info/SOURCES.txt'
[0.509s] running build
[0.509s] running build_py
[0.509s] creating /workspace/share/ros2-workspace/trung_test/ur3_needle_ws/build/ur3_needle_sim/build/lib/ur3_needle_sim
[0.509s] copying ur3_needle_sim/needle_insert_node.py -> /workspace/share/ros2-workspace/trung_test/ur3_needle_ws/build/ur3_needle_sim/build/lib/ur3_needle_sim
[0.509s] copying ur3_needle_sim/hole_poses_loader.py -> /workspace/share/ros2-workspace/trung_test/ur3_needle_ws/build/ur3_needle_sim/build/lib/ur3_needle_sim
[0.509s] copying ur3_needle_sim/ur3_ik.py -> /workspace/share/ros2-workspace/trung_test/ur3_needle_ws/build/ur3_needle_sim/build/lib/ur3_needle_sim
[0.509s] copying ur3_needle_sim/__init__.py -> /workspace/share/ros2-workspace/trung_test/ur3_needle_ws/build/ur3_needle_sim/build/lib/ur3_needle_sim
[0.510s] copying ur3_needle_sim/depth_monitor.py -> /workspace/share/ros2-workspace/trung_test/ur3_needle_ws/build/ur3_needle_sim/build/lib/ur3_needle_sim
[0.510s] running install
[0.512s] running install_lib
[0.520s] creating /workspace/share/ros2-workspace/trung_test/ur3_needle_ws/install/ur3_needle_sim/lib/python3.12/site-packages/ur3_needle_sim
[0.520s] copying /workspace/share/ros2-workspace/trung_test/ur3_needle_ws/build/ur3_needle_sim/build/lib/ur3_needle_sim/needle_insert_node.py -> /workspace/share/ros2-workspace/trung_test/ur3_needle_ws/install/ur3_needle_sim/lib/python3.12/site-packages/ur3_needle_sim
[0.520s] copying /workspace/share/ros2-workspace/trung_test/ur3_needle_ws/build/ur3_needle_sim/build/lib/ur3_needle_sim/hole_poses_loader.py -> /workspace/share/ros2-workspace/trung_test/ur3_needle_ws/install/ur3_needle_sim/lib/python3.12/site-packages/ur3_needle_sim
[0.520s] copying /workspace/share/ros2-workspace/trung_test/ur3_needle_ws/build/ur3_needle_sim/build/lib/ur3_needle_sim/ur3_ik.py -> /workspace/share/ros2-workspace/trung_test/ur3_needle_ws/install/ur3_needle_sim/lib/python3.12/site-packages/ur3_needle_sim
[0.520s] copying /workspace/share/ros2-workspace/trung_test/ur3_needle_ws/build/ur3_needle_sim/build/lib/ur3_needle_sim/__init__.py -> /workspace/share/ros2-workspace/trung_test/ur3_needle_ws/install/ur3_needle_sim/lib/python3.12/site-packages/ur3_needle_sim
[0.520s] copying /workspace/share/ros2-workspace/trung_test/ur3_needle_ws/build/ur3_needle_sim/build/lib/ur3_needle_sim/depth_monitor.py -> /workspace/share/ros2-workspace/trung_test/ur3_needle_ws/install/ur3_needle_sim/lib/python3.12/site-packages/ur3_needle_sim
[0.521s] byte-compiling /workspace/share/ros2-workspace/trung_test/ur3_needle_ws/install/ur3_needle_sim/lib/python3.12/site-packages/ur3_needle_sim/needle_insert_node.py to needle_insert_node.cpython-312.pyc
[0.522s] byte-compiling /workspace/share/ros2-workspace/trung_test/ur3_needle_ws/install/ur3_needle_sim/lib/python3.12/site-packages/ur3_needle_sim/hole_poses_loader.py to hole_poses_loader.cpython-312.pyc
[0.523s] byte-compiling /workspace/share/ros2-workspace/trung_test/ur3_needle_ws/install/ur3_needle_sim/lib/python3.12/site-packages/ur3_needle_sim/ur3_ik.py to ur3_ik.cpython-312.pyc
[0.524s] byte-compiling /workspace/share/ros2-workspace/trung_test/ur3_needle_ws/install/ur3_needle_sim/lib/python3.12/site-packages/ur3_needle_sim/__init__.py to __init__.cpython-312.pyc
[0.524s] byte-compiling /workspace/share/ros2-workspace/trung_test/ur3_needle_ws/install/ur3_needle_sim/lib/python3.12/site-packages/ur3_needle_sim/depth_monitor.py to depth_monitor.cpython-312.pyc
[0.524s] running install_data
[0.524s] creating /workspace/share/ros2-workspace/trung_test/ur3_needle_ws/install/ur3_needle_sim/share/ament_index/resource_index/packages
[0.524s] copying resource/ur3_needle_sim -> /workspace/share/ros2-workspace/trung_test/ur3_needle_ws/install/ur3_needle_sim/share/ament_index/resource_index/packages
[0.525s] copying package.xml -> /workspace/share/ros2-workspace/trung_test/ur3_needle_ws/install/ur3_needle_sim/share/ur3_needle_sim
[0.525s] creating /workspace/share/ros2-workspace/trung_test/ur3_needle_ws/install/ur3_needle_sim/share/ur3_needle_sim/launch
[0.525s] copying launch/demo.launch.py -> /workspace/share/ros2-workspace/trung_test/ur3_needle_ws/install/ur3_needle_sim/share/ur3_needle_sim/launch
[0.525s] copying launch/sim.launch.py -> /workspace/share/ros2-workspace/trung_test/ur3_needle_ws/install/ur3_needle_sim/share/ur3_needle_sim/launch
[0.525s] creating /workspace/share/ros2-workspace/trung_test/ur3_needle_ws/install/ur3_needle_sim/share/ur3_needle_sim/worlds
[0.525s] copying worlds/ur3_needle_ros.wbt -> /workspace/share/ros2-workspace/trung_test/ur3_needle_ws/install/ur3_needle_sim/share/ur3_needle_sim/worlds
[0.525s] copying worlds/ur3_needle_click.wbt -> /workspace/share/ros2-workspace/trung_test/ur3_needle_ws/install/ur3_needle_sim/share/ur3_needle_sim/worlds
[0.525s] copying worlds/ur3_needle.wbt -> /workspace/share/ros2-workspace/trung_test/ur3_needle_ws/install/ur3_needle_sim/share/ur3_needle_sim/worlds
[0.525s] creating /workspace/share/ros2-workspace/trung_test/ur3_needle_ws/install/ur3_needle_sim/share/ur3_needle_sim/config
[0.525s] copying config/hole_poses.yaml -> /workspace/share/ros2-workspace/trung_test/ur3_needle_ws/install/ur3_needle_sim/share/ur3_needle_sim/config
[0.525s] copying config/needle_params.yaml -> /workspace/share/ros2-workspace/trung_test/ur3_needle_ws/install/ur3_needle_sim/share/ur3_needle_sim/config
[0.526s] copying config/holes.yaml -> /workspace/share/ros2-workspace/trung_test/ur3_needle_ws/install/ur3_needle_sim/share/ur3_needle_sim/config
[0.526s] creating /workspace/share/ros2-workspace/trung_test/ur3_needle_ws/install/ur3_needle_sim/share/ur3_needle_sim/resource
[0.526s] copying resource/ros2_control_config.yaml -> /workspace/share/ros2-workspace/trung_test/ur3_needle_ws/install/ur3_needle_sim/share/ur3_needle_sim/resource
[0.526s] copying resource/ur3e_needle.urdf -> /workspace/share/ros2-workspace/trung_test/ur3_needle_ws/install/ur3_needle_sim/share/ur3_needle_sim/resource
[0.526s] creating /workspace/share/ros2-workspace/trung_test/ur3_needle_ws/install/ur3_needle_sim/share/ur3_needle_sim/rviz
[0.526s] running install_egg_info
[0.534s] Copying ../../build/ur3_needle_sim/ur3_needle_sim.egg-info to /workspace/share/ros2-workspace/trung_test/ur3_needle_ws/install/ur3_needle_sim/lib/python3.12/site-packages/ur3_needle_sim-0.0.0-py3.12.egg-info
[0.534s] running install_scripts
[0.551s] Installing depth_monitor script to /workspace/share/ros2-workspace/trung_test/ur3_needle_ws/install/ur3_needle_sim/lib/ur3_needle_sim
[0.551s] Installing needle_insert_node script to /workspace/share/ros2-workspace/trung_test/ur3_needle_ws/install/ur3_needle_sim/lib/ur3_needle_sim
[0.551s] writing list of installed files to '/workspace/share/ros2-workspace/trung_test/ur3_needle_ws/build/ur3_needle_sim/install.log'
[0.573s] Invoked command in '/workspace/share/ros2-workspace/trung_test/ur3_needle_ws/src/ur3_needle_sim' returned '0': CONDA_PROMPT_MODIFIER=(base) PYTHONPATH=/workspace/share/ros2-workspace/trung_test/ur3_needle_ws/build/ur3_needle_sim/prefix_override:/usr/lib/python3/dist-packages/colcon_core/task/python/colcon_distutils_commands:/workspace/share/ros2-workspace/trung_test/ur3_needle_ws/install/ur3_needle_sim/lib/python3.12/site-packages:${PYTHONPATH} /usr/bin/python3 -W ignore:setup.py install is deprecated -W ignore:easy_install command is deprecated setup.py egg_info --egg-base ../../build/ur3_needle_sim build --build-base /workspace/share/ros2-workspace/trung_test/ur3_needle_ws/build/ur3_needle_sim/build install --record /workspace/share/ros2-workspace/trung_test/ur3_needle_ws/build/ur3_needle_sim/install.log --single-version-externally-managed install_data
