[0.332s] Invoking command in '/workspace/share/ros2-workspace/trung_test/ur3_needle_ws/src/ur3_needle_sim': CONDA_PROMPT_MODIFIER=(base) PYTHONPATH=/workspace/share/ros2-workspace/trung_test/ur3_needle_ws/build/ur3_needle_sim/prefix_override:/usr/lib/python3/dist-packages/colcon_core/task/python/colcon_distutils_commands:/workspace/share/ros2-workspace/trung_test/ur3_needle_ws/install/ur3_needle_sim/lib/python3.12/site-packages:${PYTHONPATH} /usr/bin/python3 -W ignore:setup.py install is deprecated -W ignore:easy_install command is deprecated setup.py egg_info --egg-base ../../build/ur3_needle_sim build --build-base /workspace/share/ros2-workspace/trung_test/ur3_needle_ws/build/ur3_needle_sim/build install --record /workspace/share/ros2-workspace/trung_test/ur3_needle_ws/build/ur3_needle_sim/install.log --single-version-externally-managed install_data
[0.459s] running egg_info
[0.467s] writing ../../build/ur3_needle_sim/ur3_needle_sim.egg-info/PKG-INFO
[0.467s] writing dependency_links to ../../build/ur3_needle_sim/ur3_needle_sim.egg-info/dependency_links.txt
[0.467s] writing entry points to ../../build/ur3_needle_sim/ur3_needle_sim.egg-info/entry_points.txt
[0.467s] writing requirements to ../../build/ur3_needle_sim/ur3_needle_sim.egg-info/requires.txt
[0.467s] writing top-level names to ../../build/ur3_needle_sim/ur3_needle_sim.egg-info/top_level.txt
[0.483s] reading manifest file '../../build/ur3_needle_sim/ur3_needle_sim.egg-info/SOURCES.txt'
[0.484s] writing manifest file '../../build/ur3_needle_sim/ur3_needle_sim.egg-info/SOURCES.txt'
[0.484s] running build
[0.484s] running build_py
[0.484s] copying ur3_needle_sim/__init__.py -> /workspace/share/ros2-workspace/trung_test/ur3_needle_ws/build/ur3_needle_sim/build/lib/ur3_needle_sim
[0.484s] running install
[0.487s] running install_lib
[0.495s] running install_data
[0.495s] copying resource/ur3_needle_sim -> /workspace/share/ros2-workspace/trung_test/ur3_needle_ws/install/ur3_needle_sim/share/ament_index/resource_index/packages
[0.495s] copying package.xml -> /workspace/share/ros2-workspace/trung_test/ur3_needle_ws/install/ur3_needle_sim/share/ur3_needle_sim
[0.495s] copying worlds/ur3_needle.wbt -> /workspace/share/ros2-workspace/trung_test/ur3_needle_ws/install/ur3_needle_sim/share/ur3_needle_sim/worlds
[0.495s] running install_egg_info
[0.503s] removing '/workspace/share/ros2-workspace/trung_test/ur3_needle_ws/install/ur3_needle_sim/lib/python3.12/site-packages/ur3_needle_sim-0.0.0-py3.12.egg-info' (and everything under it)
[0.503s] Copying ../../build/ur3_needle_sim/ur3_needle_sim.egg-info to /workspace/share/ros2-workspace/trung_test/ur3_needle_ws/install/ur3_needle_sim/lib/python3.12/site-packages/ur3_needle_sim-0.0.0-py3.12.egg-info
[0.503s] running install_scripts
[0.519s] Installing depth_monitor script to /workspace/share/ros2-workspace/trung_test/ur3_needle_ws/install/ur3_needle_sim/lib/ur3_needle_sim
[0.519s] Installing needle_insert_node script to /workspace/share/ros2-workspace/trung_test/ur3_needle_ws/install/ur3_needle_sim/lib/ur3_needle_sim
[0.519s] writing list of installed files to '/workspace/share/ros2-workspace/trung_test/ur3_needle_ws/build/ur3_needle_sim/install.log'
[0.537s] Invoked command in '/workspace/share/ros2-workspace/trung_test/ur3_needle_ws/src/ur3_needle_sim' returned '0': CONDA_PROMPT_MODIFIER=(base) PYTHONPATH=/workspace/share/ros2-workspace/trung_test/ur3_needle_ws/build/ur3_needle_sim/prefix_override:/usr/lib/python3/dist-packages/colcon_core/task/python/colcon_distutils_commands:/workspace/share/ros2-workspace/trung_test/ur3_needle_ws/install/ur3_needle_sim/lib/python3.12/site-packages:${PYTHONPATH} /usr/bin/python3 -W ignore:setup.py install is deprecated -W ignore:easy_install command is deprecated setup.py egg_info --egg-base ../../build/ur3_needle_sim build --build-base /workspace/share/ros2-workspace/trung_test/ur3_needle_ws/build/ur3_needle_sim/build install --record /workspace/share/ros2-workspace/trung_test/ur3_needle_ws/build/ur3_needle_sim/install.log --single-version-externally-managed install_data
