/workspace/share/ros2-workspace/trung_test/ur3_needle_ws/install/ur3_needle_sim/lib/python3.12/site-packages/ur3_needle_sim/needle_insert_node.py
/workspace/share/ros2-workspace/trung_test/ur3_needle_ws/install/ur3_needle_sim/lib/python3.12/site-packages/ur3_needle_sim/hole_poses_loader.py
/workspace/share/ros2-workspace/trung_test/ur3_needle_ws/install/ur3_needle_sim/lib/python3.12/site-packages/ur3_needle_sim/ur3_ik.py
/workspace/share/ros2-workspace/trung_test/ur3_needle_ws/install/ur3_needle_sim/lib/python3.12/site-packages/ur3_needle_sim/__init__.py
/workspace/share/ros2-workspace/trung_test/ur3_needle_ws/install/ur3_needle_sim/lib/python3.12/site-packages/ur3_needle_sim/depth_monitor.py
/workspace/share/ros2-workspace/trung_test/ur3_needle_ws/install/ur3_needle_sim/lib/python3.12/site-packages/ur3_needle_sim/__pycache__/needle_insert_node.cpython-312.pyc
/workspace/share/ros2-workspace/trung_test/ur3_needle_ws/install/ur3_needle_sim/lib/python3.12/site-packages/ur3_needle_sim/__pycache__/hole_poses_loader.cpython-312.pyc
/workspace/share/ros2-workspace/trung_test/ur3_needle_ws/install/ur3_needle_sim/lib/python3.12/site-packages/ur3_needle_sim/__pycache__/ur3_ik.cpython-312.pyc
/workspace/share/ros2-workspace/trung_test/ur3_needle_ws/install/ur3_needle_sim/lib/python3.12/site-packages/ur3_needle_sim/__pycache__/__init__.cpython-312.pyc
/workspace/share/ros2-workspace/trung_test/ur3_needle_ws/install/ur3_needle_sim/lib/python3.12/site-packages/ur3_needle_sim/__pycache__/depth_monitor.cpython-312.pyc
/workspace/share/ros2-workspace/trung_test/ur3_needle_ws/install/ur3_needle_sim/share/ament_index/resource_index/packages/ur3_needle_sim
/workspace/share/ros2-workspace/trung_test/ur3_needle_ws/install/ur3_needle_sim/share/ur3_needle_sim/package.xml
/workspace/share/ros2-workspace/trung_test/ur3_needle_ws/install/ur3_needle_sim/share/ur3_needle_sim/launch/demo.launch.py
/workspace/share/ros2-workspace/trung_test/ur3_needle_ws/install/ur3_needle_sim/share/ur3_needle_sim/launch/sim.launch.py
/workspace/share/ros2-workspace/trung_test/ur3_needle_ws/install/ur3_needle_sim/share/ur3_needle_sim/worlds/ur3_needle_ros.wbt
/workspace/share/ros2-workspace/trung_test/ur3_needle_ws/install/ur3_needle_sim/share/ur3_needle_sim/worlds/ur3_needle_click.wbt
/workspace/share/ros2-workspace/trung_test/ur3_needle_ws/install/ur3_needle_sim/share/ur3_needle_sim/worlds/ur3_needle.wbt
/workspace/share/ros2-workspace/trung_test/ur3_needle_ws/install/ur3_needle_sim/share/ur3_needle_sim/config/hole_poses.yaml
/workspace/share/ros2-workspace/trung_test/ur3_needle_ws/install/ur3_needle_sim/share/ur3_needle_sim/config/needle_params.yaml
/workspace/share/ros2-workspace/trung_test/ur3_needle_ws/install/ur3_needle_sim/share/ur3_needle_sim/config/holes.yaml
/workspace/share/ros2-workspace/trung_test/ur3_needle_ws/install/ur3_needle_sim/share/ur3_needle_sim/resource/ros2_control_config.yaml
/workspace/share/ros2-workspace/trung_test/ur3_needle_ws/install/ur3_needle_sim/share/ur3_needle_sim/resource/ur3e_needle.urdf
/workspace/share/ros2-workspace/trung_test/ur3_needle_ws/install/ur3_needle_sim/share/ur3_needle_sim/rviz
/workspace/share/ros2-workspace/trung_test/ur3_needle_ws/install/ur3_needle_sim/lib/python3.12/site-packages/ur3_needle_sim-0.0.0-py3.12.egg-info/requires.txt
/workspace/share/ros2-workspace/trung_test/ur3_needle_ws/install/ur3_needle_sim/lib/python3.12/site-packages/ur3_needle_sim-0.0.0-py3.12.egg-info/entry_points.txt
/workspace/share/ros2-workspace/trung_test/ur3_needle_ws/install/ur3_needle_sim/lib/python3.12/site-packages/ur3_needle_sim-0.0.0-py3.12.egg-info/zip-safe
/workspace/share/ros2-workspace/trung_test/ur3_needle_ws/install/ur3_needle_sim/lib/python3.12/site-packages/ur3_needle_sim-0.0.0-py3.12.egg-info/top_level.txt
/workspace/share/ros2-workspace/trung_test/ur3_needle_ws/install/ur3_needle_sim/lib/python3.12/site-packages/ur3_needle_sim-0.0.0-py3.12.egg-info/dependency_links.txt
/workspace/share/ros2-workspace/trung_test/ur3_needle_ws/install/ur3_needle_sim/lib/python3.12/site-packages/ur3_needle_sim-0.0.0-py3.12.egg-info/SOURCES.txt
/workspace/share/ros2-workspace/trung_test/ur3_needle_ws/install/ur3_needle_sim/lib/python3.12/site-packages/ur3_needle_sim-0.0.0-py3.12.egg-info/PKG-INFO
/workspace/share/ros2-workspace/trung_test/ur3_needle_ws/install/ur3_needle_sim/lib/ur3_needle_sim/depth_monitor
/workspace/share/ros2-workspace/trung_test/ur3_needle_ws/install/ur3_needle_sim/lib/ur3_needle_sim/needle_insert_node
